// Jest Snapshot v1, https://goo.gl/fbAQLP

exports[`EthBlocklistVault deposit can be called by not blocked user 1`] = `
Object {
  "calldataByteLength": 68,
  "gasUsed": 69012,
}
`;

exports[`EthBlocklistVault deposit deposit through receive fallback can be called by not blocked sender 1`] = `
Object {
  "calldataByteLength": 4,
  "gasUsed": 76519,
}
`;

exports[`EthBlocklistVault mint osToken can mint from not blocked user 1`] = `
Object {
  "calldataByteLength": 100,
  "gasUsed": 177590,
}
`;
