// Jest Snapshot v1, https://goo.gl/fbAQLP

exports[`EthPrivErc20Vault deposit can be called by whitelisted user 1`] = `
Object {
  "calldataByteLength": 68,
  "gasUsed": 71069,
}
`;

exports[`EthPrivErc20Vault deposit deposit through receive fallback can be called by whitelisted sender 1`] = `
Object {
  "calldataByteLength": 4,
  "gasUsed": 78288,
}
`;
