// Jest Snapshot v1, https://goo.gl/fbAQLP

exports[`EthVault - settings fee recipient can update 1`] = `
Object {
  "calldataByteLength": 36,
  "gasUsed": 49130,
}
`;

exports[`EthVault - settings metadata IPFS hash only admin can update 1`] = `
Object {
  "calldataByteLength": 132,
  "gasUsed": 32774,
}
`;

exports[`EthVault - settings validators root can update 1`] = `
Object {
  "calldataByteLength": 164,
  "gasUsed": 38806,
}
`;
