// Jest Snapshot v1, https://goo.gl/fbAQLP

exports[`EthVault - burn updates position accumulated fee 1`] = `
Object {
  "calldataByteLength": 36,
  "gasUsed": 91791,
}
`;
