// Jest Snapshot v1, https://goo.gl/fbAQLP

exports[`EthVault - upgrade works with valid call data 1`] = `
Object {
  "calldataByteLength": 132,
  "gasUsed": 76084,
}
`;
