// Jest Snapshot v1, https://goo.gl/fbAQLP

exports[`OwnMevEscrow vault deployment gas 1`] = `
Object {
  "calldataByteLength": 660,
  "gasUsed": 160077,
}
`;
