// Jest Snapshot v1, https://goo.gl/fbAQLP

exports[`RewardSplitterFactory splitter deployment gas 1`] = `
Object {
  "calldataByteLength": 36,
  "gasUsed": 138062,
}
`;
