// Jest Snapshot v1, https://goo.gl/fbAQLP

exports[`SharedMevEscrow vault deployment gas 1`] = `
Object {
  "calldataByteLength": 700,
  "gasUsed": 170437,
}
`;
