// Jest Snapshot v1, https://goo.gl/fbAQLP

exports[`GnoOwnMevEscrow vault deployment gas 1`] = `
Object {
  "calldataByteLength": 719,
  "gasUsed": 173636,
}
`;
