// Jest Snapshot v1, https://goo.gl/fbAQLP

exports[`GnoSharedMevEscrow vault deployment gas 1`] = `
Object {
  "calldataByteLength": 728,
  "gasUsed": 177173,
}
`;
