// Jest Snapshot v1, https://goo.gl/fbAQLP

exports[`GnoVault - upgrade does not modify the state variables 1`] = `
Object {
  "calldataByteLength": 100,
  "gasUsed": 105491,
}
`;

exports[`GnoVault - upgrade does not modify the state variables 2`] = `
Object {
  "calldataByteLength": 100,
  "gasUsed": 105705,
}
`;

exports[`GnoVault - upgrade does not modify the state variables 3`] = `
Object {
  "calldataByteLength": 100,
  "gasUsed": 105583,
}
`;

exports[`GnoVault - upgrade does not modify the state variables 4`] = `
Object {
  "calldataByteLength": 100,
  "gasUsed": 106160,
}
`;

exports[`GnoVault - upgrade does not modify the state variables 5`] = `
Object {
  "calldataByteLength": 100,
  "gasUsed": 106374,
}
`;

exports[`GnoVault - upgrade does not modify the state variables 6`] = `
Object {
  "calldataByteLength": 100,
  "gasUsed": 106264,
}
`;

exports[`GnoVault - upgrade does not modify the state variables 7`] = `
Object {
  "calldataByteLength": 100,
  "gasUsed": 105581,
}
`;
